// Jest Snapshot v1, https://goo.gl/fbAQLP

exports[`flattenInput should flatten and insert correct separator 1`] = `
"$purple-100: '#F0F1F4';
$purple-200: '#E1E2EA';
$purple-300: '#C4C5D4';
$purple-400: '#A7A9C1';
$purple-500: '#898BA9';
$purple-600: '#5B5E7E';
$purple-700: '#4B4D68';
$purple-800: '#35374A';
$purple-alias: 'wisteria';
$blue-100: '#E6F0F7';
$blue-200: '#CCE1F0';
$blue-300: '#99C3E1';
$blue-400: '#4D95CA';
$blue-500: '#0168B3';
$blue-alias: 'cluny';
$green-100: '#E9F6F3';
$green-200: '#BCE3DC';
$green-300: '#90D1C5';
$green-400: '#64BFAE';
$green-500: '#21A38B';
$green-600: '#177261';
$green-alias: 'seedling';
$yellow-100: '#FFFDF4';
$yellow-200: '#FFF5D2';
$yellow-300: '#FFEBA5';
$yellow-400: '#FFE278';
$yellow-500: '#FFCE1E';
$yellow-alias: 'yuzu';
$red-100: '#FDEDEF';
$red-200: '#FBC9CE';
$red-300: '#F6949E';
$red-400: '#F3707D';
$red-500: '#F04C5D';
$red-600: '#A83541';
$red-alias: 'coral';
$orange-100: '#FFF1EE';
$orange-200: '#FDD6CD';
$orange-300: '#FDBAAB';
$orange-400: '#FC9E8A';
$orange-500: '#FA7558';
$orange-alias: 'peach';
"
`;

exports[`flattenInput should flatten and insert correct separator 2`] = `
"$purple_100: '#F0F1F4';
$purple_200: '#E1E2EA';
$purple_300: '#C4C5D4';
$purple_400: '#A7A9C1';
$purple_500: '#898BA9';
$purple_600: '#5B5E7E';
$purple_700: '#4B4D68';
$purple_800: '#35374A';
$purple_alias: 'wisteria';
$blue_100: '#E6F0F7';
$blue_200: '#CCE1F0';
$blue_300: '#99C3E1';
$blue_400: '#4D95CA';
$blue_500: '#0168B3';
$blue_alias: 'cluny';
$green_100: '#E9F6F3';
$green_200: '#BCE3DC';
$green_300: '#90D1C5';
$green_400: '#64BFAE';
$green_500: '#21A38B';
$green_600: '#177261';
$green_alias: 'seedling';
$yellow_100: '#FFFDF4';
$yellow_200: '#FFF5D2';
$yellow_300: '#FFEBA5';
$yellow_400: '#FFE278';
$yellow_500: '#FFCE1E';
$yellow_alias: 'yuzu';
$red_100: '#FDEDEF';
$red_200: '#FBC9CE';
$red_300: '#F6949E';
$red_400: '#F3707D';
$red_500: '#F04C5D';
$red_600: '#A83541';
$red_alias: 'coral';
$orange_100: '#FFF1EE';
$orange_200: '#FDD6CD';
$orange_300: '#FDBAAB';
$orange_400: '#FC9E8A';
$orange_500: '#FA7558';
$orange_alias: 'peach';
"
`;

exports[`flattenInput should flatten and insert correct separator 3`] = `
"$heading: 'Greycliff CF';
$paragraph: 'Inter';
$preformatted: 'IBM Plex Mono';
"
`;

exports[`flattenInput should flatten and insert correct separator 4`] = `
"$heading: 'Greycliff CF';
$paragraph: 'Inter';
$preformatted: 'IBM Plex Mono';
"
`;
